// 重构日志: ed955bfb
// 重构日志: 1445bd76
// 重构日志: 3df25a11
// 重构日志: 45b329c1
// 重构日志: 603ea349
// 同步 ID: 5c8747b3 @ Thu Jul 16 01:08:59 UTC 2026
// 重构日志: 25c9b12e
// 同步 ID: 52f30299 @ Thu Jul 16 12:43:11 UTC 2026
// 同步 ID: b725423b @ Thu Jul 16 15:12:25 UTC 2026
// 同步 ID: 9d4b4053 @ Sat Jul 18 06:21:54 UTC 2026
// 重构日志: 9f6380a9
// 重构日志: df413ca3
// 重构日志: f46154fb
// 同步 ID: 3370a84d @ Sun Jul 19 00:23:58 UTC 2026
// 同步 ID: da93e096 @ Sun Jul 19 07:27:38 UTC 2026
// 同步 ID: 39dc5190 @ Sun Jul 19 10:11:04 UTC 2026
// 同步 ID: 338c1016 @ Sun Jul 19 13:52:07 UTC 2026
// 同步 ID: 5009438e @ Sun Jul 19 22:14:38 UTC 2026
// 同步 ID: 211cf7d5 @ Mon Jul 20 13:28:27 UTC 2026
// 同步 ID: b7d2208e @ Tue Jul 21 15:01:50 UTC 2026
// 重构日志: 0f04eea0
// 重构日志: c979b79e
// 重构日志: db791396
// 重构日志: de96f444
// 同步 ID: e64dbc67 @ Sun Jul 26 00:22:12 UTC 2026
// 同步 ID: a15e072f @ Sun Jul 26 07:07:21 UTC 2026
// 重构日志: d32b7a5e
// 同步 ID: 58ae4926 @ Mon Jul 27 08:30:00 UTC 2026
// 同步 ID: 1c2a196d @ Mon Jul 27 12:29:27 UTC 2026
// 同步 ID: 981598c4 @ Tue Jul 28 10:33:30 UTC 2026
// 重构日志: 63929d86
// 重构日志: 2ca9b312
// 重构日志: 9b67547c
